ARM Linker, 4.1 [Build 561] [Evaluation]

==============================================================================

Section Cross References

    arm_template.o(RESET) refers to arm_template.o(STACK) for Stack_Top
    arm_template.o(RESET) refers to arm_template.o(HEAP) for var


==============================================================================

Image Symbol Table

    Local Symbols

    Symbol Name                              Value     Ov Type        Size  Object(Section)

    RESET                                    0x00000000   Section      336  arm_template.o(RESET)
    ARM_template.s                           0x00000000   Number         0  arm_template.o ABSOLUTE
    Undef_Handler                            0x00000040   ARM Code       4  arm_template.o(RESET)
    SWI_Handler                              0x00000044   ARM Code       4  arm_template.o(RESET)
    PAbt_Handler                             0x00000048   ARM Code       4  arm_template.o(RESET)
    DAbt_Handler                             0x0000004c   ARM Code       4  arm_template.o(RESET)
    IRQ_Handler                              0x00000050   ARM Code       4  arm_template.o(RESET)
    FIQ_Handler                              0x00000054   ARM Code       4  arm_template.o(RESET)
    Constant_Values                          0x00000058   Data          84  arm_template.o(RESET)
    Reset_Handler                            0x000000ac   ARM Code       0  arm_template.o(RESET)
    HEAP                                     0x40000000   Section    16384  arm_template.o(HEAP)
    var                                      0x40000000   Data           0  arm_template.o(HEAP)
    STACK                                    0x40004000   Section     1024  arm_template.o(STACK)
    Stack_Top                                0x40004400   Data           0  arm_template.o(STACK)

    Global Symbols

    Symbol Name                              Value     Ov Type        Size  Object(Section)

    BuildAttributes$$THM_ISAv1$ARM_ISAv4$S$PE$A:L22$X:L11$S22$IEEE1$IW$USESV6$~STKCKD$USESV7$~SHL$OSPACE$EBA8$STANDARDLIB$PRES8$EABIv2 0x00000000   Number         0  anon$$obj.o ABSOLUTE



==============================================================================

Memory Map of the image

  Image Entry point : 0x00000000

  Load Region LR_1 (Base: 0x00000000, Size: 0x00000150, Max: 0xffffffff, ABSOLUTE)

    Execution Region ER_RO (Base: 0x00000000, Size: 0x00000150, Max: 0xffffffff, ABSOLUTE)

    Base Addr    Size         Type   Attr      Idx    E Section Name        Object

    0x00000000   0x00000150   Code   RO            3  * RESET               arm_template.o


    Execution Region ER_RW (Base: 0x40000000, Size: 0x00000000, Max: 0xffffffff, ABSOLUTE)

    **** No section assigned to this execution region ****


    Execution Region ER_ZI (Base: 0x40000000, Size: 0x00004400, Max: 0xffffffff, ABSOLUTE)

    Base Addr    Size         Type   Attr      Idx    E Section Name        Object

    0x40000000   0x00004000   Zero   RW            2    HEAP                arm_template.o
    0x40004000   0x00000400   Zero   RW            1    STACK               arm_template.o


==============================================================================

Image component sizes


      Code (inc. data)   RO Data    RW Data    ZI Data      Debug   Object Name

       336        156          0          0      17408        324   arm_template.o

    ----------------------------------------------------------------------
       336        156          0          0      17408        324   Object Totals
         0          0          0          0          0          0   (incl. Generated)
         0          0          0          0          0          0   (incl. Padding)

    ----------------------------------------------------------------------
         0          0          0          0          0          0   Library Totals
         0          0          0          0          0          0   (incl. Padding)

    ----------------------------------------------------------------------

==============================================================================


      Code (inc. data)   RO Data    RW Data    ZI Data      Debug   

       336        156          0          0      17408        324   Grand Totals
       336        156          0          0      17408        324   ELF Image Totals
       336        156          0          0          0          0   ROM Totals

==============================================================================

    Total RO  Size (Code + RO Data)                  336 (   0.33kB)
    Total RW  Size (RW Data + ZI Data)             17408 (  17.00kB)
    Total ROM Size (Code + RO Data + RW Data)        336 (   0.33kB)

==============================================================================

