ARM Linker, 4.1 [Build 561] [Evaluation]

==============================================================================

Section Cross References

    lab8_ex2.o(RESET) refers to lab8_ex2.o(STACK) for Stack_Top


==============================================================================

Image Symbol Table

    Local Symbols

    Symbol Name                              Value     Ov Type        Size  Object(Section)

    RESET                                    0x00000000   Section      236  lab8_ex2.o(RESET)
    LAB8_ex2.s                               0x00000000   Number         0  lab8_ex2.o ABSOLUTE
    SWI_Handler                              0x00000040   ARM Code       4  lab8_ex2.o(RESET)
    PAbt_Handler                             0x00000044   ARM Code       4  lab8_ex2.o(RESET)
    DAbt_Handler                             0x00000048   ARM Code       4  lab8_ex2.o(RESET)
    IRQ_Handler                              0x0000004c   ARM Code       4  lab8_ex2.o(RESET)
    FIQ_Handler                              0x00000050   ARM Code       4  lab8_ex2.o(RESET)
    Undef_Handler                            0x00000054   ARM Code       0  lab8_ex2.o(RESET)
    Reset_Handler                            0x00000090   ARM Code       0  lab8_ex2.o(RESET)
    HEAP                                     0x40000000   Section      256  lab8_ex2.o(HEAP)
    STACK                                    0x40000100   Section     1408  lab8_ex2.o(STACK)
    Stack_Top                                0x40000680   Data           0  lab8_ex2.o(STACK)

    Global Symbols

    Symbol Name                              Value     Ov Type        Size  Object(Section)

    BuildAttributes$$THM_ISAv1$ARM_ISAv4$S$PE$A:L22$X:L11$S22$IEEE1$IW$USESV6$~STKCKD$USESV7$~SHL$OSPACE$EBA8$STANDARDLIB$PRES8$EABIv2 0x00000000   Number         0  anon$$obj.o ABSOLUTE



==============================================================================

Memory Map of the image

  Image Entry point : 0x00000000

  Load Region LR_1 (Base: 0x00000000, Size: 0x000000ec, Max: 0xffffffff, ABSOLUTE)

    Execution Region ER_RO (Base: 0x00000000, Size: 0x000000ec, Max: 0xffffffff, ABSOLUTE)

    Base Addr    Size         Type   Attr      Idx    E Section Name        Object

    0x00000000   0x000000ec   Code   RO            3  * RESET               lab8_ex2.o


    Execution Region ER_RW (Base: 0x40000000, Size: 0x00000000, Max: 0xffffffff, ABSOLUTE)

    **** No section assigned to this execution region ****


    Execution Region ER_ZI (Base: 0x40000000, Size: 0x00000680, Max: 0xffffffff, ABSOLUTE)

    Base Addr    Size         Type   Attr      Idx    E Section Name        Object

    0x40000000   0x00000100   Zero   RW            2    HEAP                lab8_ex2.o
    0x40000100   0x00000580   Zero   RW            1    STACK               lab8_ex2.o


==============================================================================

Image component sizes


      Code (inc. data)   RO Data    RW Data    ZI Data      Debug   Object Name

       236         40          0          0       1664        320   lab8_ex2.o

    ----------------------------------------------------------------------
       236         40          0          0       1664        320   Object Totals
         0          0          0          0          0          0   (incl. Generated)
         0          0          0          0          0          0   (incl. Padding)

    ----------------------------------------------------------------------
         0          0          0          0          0          0   Library Totals
         0          0          0          0          0          0   (incl. Padding)

    ----------------------------------------------------------------------

==============================================================================


      Code (inc. data)   RO Data    RW Data    ZI Data      Debug   

       236         40          0          0       1664        320   Grand Totals
       236         40          0          0       1664        320   ELF Image Totals
       236         40          0          0          0          0   ROM Totals

==============================================================================

    Total RO  Size (Code + RO Data)                  236 (   0.23kB)
    Total RW  Size (RW Data + ZI Data)              1664 (   1.63kB)
    Total ROM Size (Code + RO Data + RW Data)        236 (   0.23kB)

==============================================================================

