<html>
<body>
<pre>
<h1>µVision Build Log</h1>
<h2>Project:</h2>
D:\Politecnico\Specialistica\Computer Architecture\Laboratories\CAlab\ARM\LAB1\ex2\ex2.uvproj
Project File Date:  01/14/2018

<h2>Output:</h2>
Build target 'Target 1'
assembling ex2.s...
linking...
Program Size: Code=108 RO-data=0 RW-data=0 ZI-data=0  
"ex2.axf" - 0 Error(s), 0 Warning(s).
Build target 'Target 1'
assembling ex2.s...
linking...
Program Size: Code=108 RO-data=0 RW-data=0 ZI-data=0  
"ex2.axf" - 0 Error(s), 0 Warning(s).
Build target 'Target 1'
assembling ex2.s...
linking...
Program Size: Code=108 RO-data=0 RW-data=0 ZI-data=0  
"ex2.axf" - 0 Error(s), 0 Warning(s).
Build target 'Target 1'
assembling ex2.s...
linking...
Program Size: Code=92 RO-data=0 RW-data=0 ZI-data=0  
"ex2.axf" - 0 Error(s), 0 Warning(s).
Build target 'Target 1'
assembling ex2.s...
linking...
Program Size: Code=100 RO-data=0 RW-data=0 ZI-data=0  
"ex2.axf" - 0 Error(s), 0 Warning(s).
Build target 'Target 1'
assembling ex2.s...
linking...
Program Size: Code=100 RO-data=0 RW-data=0 ZI-data=0  
"ex2.axf" - 0 Error(s), 0 Warning(s).
Build target 'Target 1'
assembling ex2.s...
linking...
Program Size: Code=100 RO-data=0 RW-data=0 ZI-data=0  
"ex2.axf" - 0 Error(s), 0 Warning(s).
Build target 'Target 1'
assembling ex2.s...
linking...
Program Size: Code=100 RO-data=0 RW-data=0 ZI-data=0  
"ex2.axf" - 0 Error(s), 0 Warning(s).
