<html>
<body>
<pre>
<h1>µVision Build Log</h1>
<h2>Project:</h2>
D:\Politecnico\Specialistica\Computer Architecture\Laboratories\CAlab\ARM\LAB1\ex3\LAB1_ex3.uvproj
Project File Date:  01/16/2018

<h2>Output:</h2>
Build target 'Target 1'
assembling LAB1_ex3.s...
linking...
Program Size: Code=308 RO-data=0 RW-data=0 ZI-data=16  
"LAB1_ex3.axf" - 0 Error(s), 0 Warning(s).
Build target 'Target 1'
assembling LAB1_ex3.s...
linking...
Program Size: Code=308 RO-data=0 RW-data=0 ZI-data=16  
"LAB1_ex3.axf" - 0 Error(s), 0 Warning(s).
