ARM Linker, 4.1 [Build 561] [Evaluation]

==============================================================================

Section Cross References

    lab1_ex3.o(MYCODE) refers to lab1_ex3.o(MYDATA) for mean


==============================================================================

Image Symbol Table

    Local Symbols

    Symbol Name                              Value     Ov Type        Size  Object(Section)

    MYCODE                                   0x00000000   Section      320  lab1_ex3.o(MYCODE)
    LAB1_ex3.s                               0x00000000   Number         0  lab1_ex3.o ABSOLUTE
    sequence                                 0x00000004   Data          32  lab1_ex3.o(MYCODE)
    MYDATA                                   0x40000000   Section       16  lab1_ex3.o(MYDATA)
    mean                                     0x40000000   Data           4  lab1_ex3.o(MYDATA)
    max_differ                               0x40000004   Data           4  lab1_ex3.o(MYDATA)
    max_value                                0x40000008   Data           4  lab1_ex3.o(MYDATA)
    min_value                                0x4000000c   Data           4  lab1_ex3.o(MYDATA)

    Global Symbols

    Symbol Name                              Value     Ov Type        Size  Object(Section)

    BuildAttributes$$THM_ISAv1$ARM_ISAv4$S$PE$A:L22$X:L11$S22$IEEE1$IW$USESV6$~STKCKD$USESV7$~SHL$OSPACE$EBA8$STANDARDLIB$PRES8$EABIv2 0x00000000   Number         0  anon$$obj.o ABSOLUTE



==============================================================================

Memory Map of the image

  Image Entry point : 0x00000000

  Load Region LR_1 (Base: 0x00000000, Size: 0x00000140, Max: 0xffffffff, ABSOLUTE)

    Execution Region ER_RO (Base: 0x00000000, Size: 0x00000140, Max: 0xffffffff, ABSOLUTE)

    Base Addr    Size         Type   Attr      Idx    E Section Name        Object

    0x00000000   0x00000140   Code   RO            2  * MYCODE              lab1_ex3.o


    Execution Region ER_RW (Base: 0x40000000, Size: 0x00000000, Max: 0xffffffff, ABSOLUTE)

    **** No section assigned to this execution region ****


    Execution Region ER_ZI (Base: 0x40000000, Size: 0x00000010, Max: 0xffffffff, ABSOLUTE)

    Base Addr    Size         Type   Attr      Idx    E Section Name        Object

    0x40000000   0x00000010   Zero   RW            1    MYDATA              lab1_ex3.o


==============================================================================

Image component sizes


      Code (inc. data)   RO Data    RW Data    ZI Data      Debug   Object Name

       320         52          0          0         16        324   lab1_ex3.o

    ----------------------------------------------------------------------
       320         52          0          0         16        324   Object Totals
         0          0          0          0          0          0   (incl. Generated)
         0          0          0          0          0          0   (incl. Padding)

    ----------------------------------------------------------------------
         0          0          0          0          0          0   Library Totals
         0          0          0          0          0          0   (incl. Padding)

    ----------------------------------------------------------------------

==============================================================================


      Code (inc. data)   RO Data    RW Data    ZI Data      Debug   

       320         52          0          0         16        324   Grand Totals
       320         52          0          0         16        324   ELF Image Totals
       320         52          0          0          0          0   ROM Totals

==============================================================================

    Total RO  Size (Code + RO Data)                  320 (   0.31kB)
    Total RW  Size (RW Data + ZI Data)                16 (   0.02kB)
    Total ROM Size (Code + RO Data + RW Data)        320 (   0.31kB)

==============================================================================

